// Jest Snapshot v1, https://goo.gl/fbAQLP

exports[`<VisibleItem /> Test onPress event 1`] = `
<View
  collapsable={false}
  style={
    {
      "backgroundColor": "#FFF",
      "borderRadius": 5,
      "height": 60,
      "justifyContent": "center",
      "margin": 5,
    }
  }
>
  <View
    accessible={true}
    focusable={true}
    onClick={[Function]}
    onResponderGrant={[Function]}
    onResponderMove={[Function]}
    onResponderRelease={[Function]}
    onResponderTerminate={[Function]}
    onResponderTerminationRequest={[Function]}
    onStartShouldSetResponder={[Function]}
    style={
      [
        {
          "backgroundColor": "#FFF",
          "borderRadius": 5,
          "height": 60,
          "padding": 10,
        },
        {
          "justifyContent": "center",
        },
      ]
    }
    testID="button"
  >
    <View
      style={
        {
          "flex": 1,
          "justifyContent": "center",
        }
      }
    >
      <View
        style={
          {
            "alignItems": "center",
            "flexDirection": "row",
          }
        }
      >
        <View
          style={
            {
              "paddingRight": 5,
            }
          }
        >
          <RNSVGSvgView
            align="xMidYMid"
            aria-hidden="true"
            bbHeight={24}
            bbWidth={24}
            color={4288652970}
            fill="none"
            focusable={false}
            height={24}
            meetOrSlice={0}
            minX={0}
            minY={0}
            stroke="currentColor"
            strokeWidth={1.5}
            style={
              [
                {
                  "backgroundColor": "transparent",
                  "borderWidth": 0,
                },
                {
                  "flex": 0,
                  "height": 24,
                  "width": 24,
                },
              ]
            }
            tintColor={4288652970}
            vbHeight={24}
            vbWidth={24}
            width={24}
          >
            <RNSVGGroup
              fill={null}
              propList={
                [
                  "fill",
                  "stroke",
                  "strokeWidth",
                ]
              }
              stroke={
                [
                  2,
                ]
              }
              strokeWidth={1.5}
            >
              <RNSVGPath
                d="M12 6v6h4.5m4.5 0a9 9 0 11-18 0 9 9 0 0118 0z"
                propList={
                  [
                    "strokeLinecap",
                    "strokeLinejoin",
                  ]
                }
                strokeLinecap={1}
                strokeLinejoin={1}
              />
            </RNSVGGroup>
          </RNSVGSvgView>
        </View>
        <View>
          <Text
            style={
              {
                "color": "#1D1D1B",
                "fontSize": 14,
                "lineHeight": 22,
              }
            }
          >
            04:48 PM - 04:48 PM
          </Text>
        </View>
      </View>
    </View>
  </View>
</View>
`;
